\BOOKMARK [1][-]{section.1}{\376\377\000I\000n\000t\000r\000o\000d\000u\000c\000t\000i\000o\000n}{}% 1
\BOOKMARK [1][-]{section.6}{\376\377\000R\000e\000l\000a\000t\000e\000d\000\040\000W\000o\000r\000k}{}% 2
\BOOKMARK [2][-]{subsection.7}{\376\377\000R\000o\000b\000u\000s\000t\000\040\000M\000u\000l\000t\000i\000m\000o\000d\000a\000l\000\040\000F\000u\000s\000i\000o\000n\000\040\000f\000o\000r\000\040\000A\000u\000t\000o\000n\000o\000m\000o\000u\000s\000\040\000P\000e\000r\000c\000e\000p\000t\000i\000o\000n}{section.6}% 3
\BOOKMARK [2][-]{subsection.8}{\376\377\000C\000o\000n\000f\000o\000r\000m\000a\000l\000\040\000P\000r\000e\000d\000i\000c\000t\000i\000o\000n\000\040\000a\000n\000d\000\040\000A\000n\000y\000t\000i\000m\000e\000-\000V\000a\000l\000i\000d\000\040\000S\000e\000q\000u\000e\000n\000t\000i\000a\000l\000\040\000T\000e\000s\000t\000i\000n\000g}{section.6}% 4
\BOOKMARK [2][-]{subsection.9}{\376\377\000C\000o\000n\000d\000i\000t\000i\000o\000n\000a\000l\000\040\000V\000a\000l\000i\000d\000i\000t\000y\000\040\000a\000n\000d\000\040\000N\000e\000g\000a\000t\000i\000v\000e\000\040\000C\000o\000n\000t\000r\000o\000l\000s}{section.6}% 5
\BOOKMARK [2][-]{subsection.10}{\376\377\000A\000d\000v\000e\000r\000s\000e\000-\000W\000e\000a\000t\000h\000e\000r\000\040\000D\000a\000t\000a\000s\000e\000t\000s\000\040\000f\000o\000r\000\040\000A\000u\000t\000o\000n\000o\000m\000o\000u\000s\000\040\000P\000e\000r\000c\000e\000p\000t\000i\000o\000n}{section.6}% 6
\BOOKMARK [1][-]{section.11}{\376\377\000M\000e\000t\000h\000o\000d}{}% 7
\BOOKMARK [2][-]{subsection.12}{\376\377\000B\000a\000c\000k\000g\000r\000o\000u\000n\000d\000:\000\040\000T\000h\000e\000\040\000M\000o\000n\000i\000t\000o\000r\000e\000d\000\040\000D\000e\000t\000e\000c\000t\000o\000r}{section.11}% 8
\BOOKMARK [2][-]{subsection.16}{\376\377\000P\000r\000o\000b\000l\000e\000m\000\040\000S\000e\000t\000u\000p}{section.11}% 9
\BOOKMARK [2][-]{subsection.17}{\376\377\000T\000h\000e\000\040\000e\000-\000P\000r\000o\000c\000e\000s\000s\000\040\000a\000n\000d\000\040\000V\000i\000l\000l\000e\000'\000s\000\040\000I\000n\000e\000q\000u\000a\000l\000i\000t\000y}{section.11}% 10
\BOOKMARK [3][-]{subsubsection.21}{\376\377\000A\000\040\000W\000o\000r\000k\000e\000d\000\040\000N\000u\000m\000e\000r\000i\000c\000\040\000E\000x\000a\000m\000p\000l\000e}{subsection.17}% 11
\BOOKMARK [2][-]{subsection.22}{\376\377\000C\000o\000v\000a\000r\000i\000a\000t\000e\000-\000B\000l\000i\000n\000d\000\040\000B\000a\000s\000e\000l\000i\000n\000e\000s}{section.11}% 12
\BOOKMARK [2][-]{subsection.23}{\376\377\000C\000o\000v\000a\000r\000i\000a\000t\000e\000-\000I\000n\000f\000o\000r\000m\000e\000d\000\040\000B\000e\000t\000t\000i\000n\000g}{section.11}% 13
\BOOKMARK [2][-]{subsection.26}{\376\377\000S\000p\000a\000t\000i\000a\000l\000l\000y\000\040\000R\000e\000s\000o\000l\000v\000e\000d\000\040\000M\000o\000n\000i\000t\000o\000r\000i\000n\000g\000\040\000w\000i\000t\000h\000\040\000O\000n\000l\000i\000n\000e\000\040\000M\000u\000l\000t\000i\000p\000l\000i\000c\000i\000t\000y\000\040\000C\000o\000n\000t\000r\000o\000l}{section.11}% 14
\BOOKMARK [3][-]{subsubsection.27}{\376\377\000B\000e\000t\000t\000i\000n\000g\000-\000R\000u\000l\000e\000\040\000C\000o\000m\000p\000a\000r\000i\000s\000o\000n\000:\000\040\000T\000h\000e\000o\000r\000e\000t\000i\000c\000a\000l\000\040\000P\000r\000o\000p\000e\000r\000t\000i\000e\000s\000\040\000a\000n\000d\000\040\000T\000r\000a\000d\000e\000o\000f\000f\000s}{subsection.26}% 15
\BOOKMARK [2][-]{subsection.31}{\376\377\000S\000e\000s\000s\000i\000o\000n\000-\000C\000o\000n\000d\000i\000t\000i\000o\000n\000a\000l\000\040\000\050\000M\000o\000n\000d\000r\000i\000a\000n\000\051\000\040\000C\000a\000l\000i\000b\000r\000a\000t\000i\000o\000n}{section.11}% 16
\BOOKMARK [2][-]{subsection.32}{\376\377\000A\000\040\000P\000h\000a\000n\000t\000o\000m\000-\000D\000e\000t\000e\000c\000t\000i\000o\000n\000\040\000N\000o\000n\000c\000o\000n\000f\000o\000r\000m\000i\000t\000y\000\040\000S\000c\000o\000r\000e}{section.11}% 17
\BOOKMARK [2][-]{subsection.34}{\376\377\000B\000l\000o\000c\000k\000\040\000A\000g\000g\000r\000e\000g\000a\000t\000i\000o\000n}{section.11}% 18
\BOOKMARK [1][-]{section.35}{\376\377\000E\000x\000p\000e\000r\000i\000m\000e\000n\000t\000s}{}% 19
\BOOKMARK [2][-]{subsection.36}{\376\377\000S\000e\000t\000u\000p}{section.35}% 20
\BOOKMARK [2][-]{subsection.40}{\376\377\000T\000h\000e\000\040\000N\000u\000l\000l\000-\000D\000e\000t\000e\000c\000t\000o\000r\000\040\000D\000i\000a\000g\000n\000o\000s\000t\000i\000c}{section.35}% 21
\BOOKMARK [2][-]{subsection.43}{\376\377\000C\000r\000o\000s\000s\000-\000S\000e\000s\000s\000i\000o\000n\000\040\000E\000x\000c\000h\000a\000n\000g\000e\000a\000b\000i\000l\000i\000t\000y\000\040\000F\000a\000i\000l\000u\000r\000e}{section.35}% 22
\BOOKMARK [2][-]{subsection.46}{\376\377\000S\000e\000s\000s\000i\000o\000n\000-\000C\000o\000n\000d\000i\000t\000i\000o\000n\000a\000l\000\040\000C\000a\000l\000i\000b\000r\000a\000t\000i\000o\000n\000:\000\040\000A\000n\000\040\000I\000n\000c\000o\000n\000s\000i\000s\000t\000e\000n\000t\000\040\000F\000i\000x}{section.35}% 23
\BOOKMARK [2][-]{subsection.49}{\376\377\000T\000h\000e\000\040\000W\000e\000a\000t\000h\000e\000r\000\040\000E\000f\000f\000e\000c\000t\000:\000\040\000a\000n\000\040\000U\000n\000d\000e\000r\000p\000o\000w\000e\000r\000e\000d\000\040\000N\000u\000l\000l}{section.35}% 24
\BOOKMARK [2][-]{subsection.54}{\376\377\000S\000n\000o\000w\000y\000\040\000S\000c\000e\000n\000e\000s\000\040\000a\000s\000\040\000N\000e\000g\000a\000t\000i\000v\000e\000\040\000C\000o\000n\000t\000r\000o\000l}{section.35}% 25
\BOOKMARK [2][-]{subsection.55}{\376\377\000W\000h\000a\000t\000\040\000W\000e\000\040\000D\000o\000\040\000N\000o\000t\000\040\000R\000e\000p\000o\000r\000t}{section.35}% 26
\BOOKMARK [1][-]{section.56}{\376\377\000D\000i\000s\000c\000u\000s\000s\000i\000o\000n}{}% 27
\BOOKMARK [2][-]{subsection.57}{\376\377\000W\000h\000y\000\040\000a\000\040\000F\000i\000c\000t\000i\000t\000i\000o\000u\000s\000\040\000M\000o\000n\000i\000t\000o\000r\000\040\000L\000o\000o\000k\000s\000\040\000H\000e\000a\000l\000t\000h\000y}{section.56}% 28
\BOOKMARK [2][-]{subsection.58}{\376\377\000S\000e\000s\000s\000i\000o\000n\000s\000\040\000A\000r\000e\000\040\000N\000o\000t\000\040\000E\000x\000c\000h\000a\000n\000g\000e\000a\000b\000l\000e\000,\000\040\000a\000n\000d\000\040\000W\000h\000a\000t\000\040\000I\000t\000\040\000C\000o\000s\000t\000s\000\040\000N\000a\000v\000i\000g\000a\000t\000i\000o\000n}{section.56}% 29
\BOOKMARK [2][-]{subsection.59}{\376\377\000U\000n\000d\000e\000r\000p\000o\000w\000e\000r\000e\000d\000\040\000I\000s\000\040\000N\000o\000t\000\040\000A\000b\000s\000e\000n\000t}{section.56}% 30
\BOOKMARK [2][-]{subsection.60}{\376\377\000L\000i\000m\000i\000t\000a\000t\000i\000o\000n\000s}{section.56}% 31
\BOOKMARK [1][-]{section.66}{\376\377\000C\000o\000n\000c\000l\000u\000s\000i\000o\000n}{}% 32
